
**********Output in JavaScript start***************
<script>
var cars = ["Saab", "Volvo", "BMW"];
document.getElementById("demo").innerHTML = cars[0];

**********Output in JavaScript start***************



**********Object in JavaScript start***************


**********Object in JavaScript start***************



*********Array in JavaScript start*****************

 var a = new Array();
> a[0] = "dog";
> a[1] = "cat";
> a[2] = "hen";
> a.length


for (var i = 0, len = a.length; i < len; i++) {
    // Do something with a[i]
}

for (var i = 0, item; item = a[i++];) {
    // Do something with item
}

If you want to append an item to an array simply do it like this:
a.push(item);


Arrays come with a number of methods:


Method name

Description


a.toString() Returns a string with the toString() of each element separated by commas. 
a.toLocaleString() Returns a string with the toLocaleString() of each element separated by commas. 
a.concat(item1[, item2[, ...[, itemN]]]) Returns a new array with the items added on to it. 
a.join(sep) Converts the array to a string - values delimited by the sep param 
a.pop() Removes and returns the last item. 
a.push(item1, ..., itemN) Push adds one or more items to the end. 
a.reverse() Reverse the array. 
a.shift() Removes and returns the first item. 
a.slice(start, end) Returns a sub-array. 
a.sort([cmpfn]) Takes an optional comparison function. 
a.splice(start, delcount[, item1[, ...[, itemN]]]) Lets you modify an array by deleting a section and replacing it with more items. 
a.unshift([item]) Prepends items to the start of the array. 

**********Array in JavaScript end**************

*******Useful functions in JavaScript start*******
------------------------------------------------
function instanceOf(object, constructor) {
   while (object != null) {
      if (object == constructor.prototype)
         return true;
      if (typeof object == 'xml') {
        return constructor.prototype == XML.prototype;
      }
      object = object.__proto__;
   }
   return false;
}

---------------------------------------------
That's better: we are creating the method functions only once, and assigning references to them inside the constructor. Can we do any better than that? The answer is yes:

function Person(first, last) {
    this.first = first;
    this.last = last;
}
Person.prototype.fullName = function() {
    return this.first + ' ' + this.last;
};
Person.prototype.fullNameReversed = function() {
    return this.last + ', ' + this.first;
};1

Person.prototype is an object shared by all instances of Person. It forms part of a lookup chain (that has a special name, "prototype chain"): any time you attempt to access a property of Person that isn't set, JavaScript will check Person.prototype to see if that property exists there instead. As a result, anything assigned to Person.prototype becomes available to all instances of that constructor via the this object.

This is an incredibly powerful tool. JavaScript lets you modify something's prototype at any time in your program, which means you can add extra methods to existing objects at runtime:
> s = new Person("Simon", "Willison");
> s.firstNameCaps();
TypeError on line 1: s.firstNameCaps is not a function
> Person.prototype.firstNameCaps = function() {
    return this.first.toUpperCase()
};
> s.firstNameCaps()
SIMON

-------------------------------------------------





*****Useful functions in JavaScript start ******



